This is pdfTeX, Version 3.141592653-2.6-1.40.28 (TeX Live 2025) (preloaded format=pdflatex 2025.7.7)  9 JUL 2025 23:26
entering extended mode
 restricted \write18 enabled.
 %&-line parsing enabled.
**Caso-Práctico-414-Informe-de-Investigación.tex
(./Caso-Práctico-414-Informe-de-Investigación.tex
LaTeX2e <2025-06-01> patch level 1
L3 programming layer <2025-06-09>
(c:/Users/ferna/AppData/Roaming/TinyTeX/texmf-dist/tex/latex/base/article.cls
Document Class: article 2025/01/22 v1.4n Standard LaTeX document class
(c:/Users/ferna/AppData/Roaming/TinyTeX/texmf-dist/tex/latex/base/size10.clo
File: size10.clo 2025/01/22 v1.4n Standard LaTeX file (size option)
)
\c@part=\count275
\c@section=\count276
\c@subsection=\count277
\c@subsubsection=\count278
\c@paragraph=\count279
\c@subparagraph=\count280
\c@figure=\count281
\c@table=\count282
\abovecaptionskip=\skip49
\belowcaptionskip=\skip50
\bibindent=\dimen148
) (c:/Users/ferna/AppData/Roaming/TinyTeX/texmf-dist/tex/latex/amsmath/amsmath.sty
Package: amsmath 2025/06/16 v2.17y AMS math features
\@mathmargin=\skip51
For additional information on amsmath, use the `?' option.
(c:/Users/ferna/AppData/Roaming/TinyTeX/texmf-dist/tex/latex/amsmath/amstext.sty
Package: amstext 2024/11/17 v2.01 AMS text
(c:/Users/ferna/AppData/Roaming/TinyTeX/texmf-dist/tex/latex/amsmath/amsgen.sty
File: amsgen.sty 1999/11/30 v2.0 generic functions
\@emptytoks=\toks17
\ex@=\dimen149
)) (c:/Users/ferna/AppData/Roaming/TinyTeX/texmf-dist/tex/latex/amsmath/amsbsy.sty
Package: amsbsy 1999/11/29 v1.2d Bold Symbols
\pmbraise@=\dimen150
) (c:/Users/ferna/AppData/Roaming/TinyTeX/texmf-dist/tex/latex/amsmath/amsopn.sty
Package: amsopn 2022/04/08 v2.04 operator names
)
\inf@bad=\count283
LaTeX Info: Redefining \frac on input line 233.
\uproot@=\count284
\leftroot@=\count285
LaTeX Info: Redefining \overline on input line 398.
LaTeX Info: Redefining \colon on input line 409.
\classnum@=\count286
\DOTSCASE@=\count287
LaTeX Info: Redefining \ldots on input line 495.
LaTeX Info: Redefining \dots on input line 498.
LaTeX Info: Redefining \cdots on input line 619.
\Mathstrutbox@=\box53
\strutbox@=\box54
LaTeX Info: Redefining \big on input line 721.
LaTeX Info: Redefining \Big on input line 722.
LaTeX Info: Redefining \bigg on input line 723.
LaTeX Info: Redefining \Bigg on input line 724.
\big@size=\dimen151
LaTeX Font Info:    Redeclaring font encoding OML on input line 742.
LaTeX Font Info:    Redeclaring font encoding OMS on input line 743.
\macc@depth=\count288
LaTeX Info: Redefining \bmod on input line 904.
LaTeX Info: Redefining \pmod on input line 909.
LaTeX Info: Redefining \smash on input line 939.
LaTeX Info: Redefining \relbar on input line 969.
LaTeX Info: Redefining \Relbar on input line 970.
\c@MaxMatrixCols=\count289
\dotsspace@=\muskip17
\c@parentequation=\count290
\dspbrk@lvl=\count291
\tag@help=\toks18
\row@=\count292
\column@=\count293
\maxfields@=\count294
\andhelp@=\toks19
\eqnshift@=\dimen152
\alignsep@=\dimen153
\tagshift@=\dimen154
\tagwidth@=\dimen155
\totwidth@=\dimen156
\lineht@=\dimen157
\@envbody=\toks20
\multlinegap=\skip52
\multlinetaggap=\skip53
\mathdisplay@stack=\toks21
LaTeX Info: Redefining \[ on input line 2949.
LaTeX Info: Redefining \] on input line 2950.
) (c:/Users/ferna/AppData/Roaming/TinyTeX/texmf-dist/tex/latex/amsfonts/amssymb.sty
Package: amssymb 2013/01/14 v3.01 AMS font symbols
(c:/Users/ferna/AppData/Roaming/TinyTeX/texmf-dist/tex/latex/amsfonts/amsfonts.sty
Package: amsfonts 2013/01/14 v3.01 Basic AMSFonts support
\symAMSa=\mathgroup4
\symAMSb=\mathgroup5
LaTeX Font Info:    Redeclaring math symbol \hbar on input line 98.
LaTeX Font Info:    Overwriting math alphabet `\mathfrak' in version `bold'
(Font)                  U/euf/m/n --> U/euf/b/n on input line 106.
)) (c:/Users/ferna/AppData/Roaming/TinyTeX/texmf-dist/tex/latex/setspace/setspace.sty
Package: setspace 2022/12/04 v6.7b set line spacing
) (c:/Users/ferna/AppData/Roaming/TinyTeX/texmf-dist/tex/generic/iftex/iftex.sty
Package: iftex 2024/12/12 v1.0g TeX engine tests
) (c:/Users/ferna/AppData/Roaming/TinyTeX/texmf-dist/tex/latex/base/fontenc.sty
Package: fontenc 2024/12/21 v2.1c Standard LaTeX package
) (c:/Users/ferna/AppData/Roaming/TinyTeX/texmf-dist/tex/latex/base/inputenc.sty
Package: inputenc 2024/02/08 v1.3d Input encoding file
\inpenc@prehook=\toks22
\inpenc@posthook=\toks23
) (c:/Users/ferna/AppData/Roaming/TinyTeX/texmf-dist/tex/latex/base/textcomp.sty
Package: textcomp 2024/04/24 v2.1b Standard LaTeX package
) (c:/Users/ferna/AppData/Roaming/TinyTeX/texmf-dist/tex/latex/lm/lmodern.sty
Package: lmodern 2015/05/01 v1.6.1 Latin Modern Fonts
LaTeX Font Info:    Overwriting symbol font `operators' in version `normal'
(Font)                  OT1/cmr/m/n --> OT1/lmr/m/n on input line 22.
LaTeX Font Info:    Overwriting symbol font `letters' in version `normal'
(Font)                  OML/cmm/m/it --> OML/lmm/m/it on input line 23.
LaTeX Font Info:    Overwriting symbol font `symbols' in version `normal'
(Font)                  OMS/cmsy/m/n --> OMS/lmsy/m/n on input line 24.
LaTeX Font Info:    Overwriting symbol font `largesymbols' in version `normal'
(Font)                  OMX/cmex/m/n --> OMX/lmex/m/n on input line 25.
LaTeX Font Info:    Overwriting symbol font `operators' in version `bold'
(Font)                  OT1/cmr/bx/n --> OT1/lmr/bx/n on input line 26.
LaTeX Font Info:    Overwriting symbol font `letters' in version `bold'
(Font)                  OML/cmm/b/it --> OML/lmm/b/it on input line 27.
LaTeX Font Info:    Overwriting symbol font `symbols' in version `bold'
(Font)                  OMS/cmsy/b/n --> OMS/lmsy/b/n on input line 28.
LaTeX Font Info:    Overwriting symbol font `largesymbols' in version `bold'
(Font)                  OMX/cmex/m/n --> OMX/lmex/m/n on input line 29.
LaTeX Font Info:    Overwriting math alphabet `\mathbf' in version `normal'
(Font)                  OT1/cmr/bx/n --> OT1/lmr/bx/n on input line 31.
LaTeX Font Info:    Overwriting math alphabet `\mathsf' in version `normal'
(Font)                  OT1/cmss/m/n --> OT1/lmss/m/n on input line 32.
LaTeX Font Info:    Overwriting math alphabet `\mathit' in version `normal'
(Font)                  OT1/cmr/m/it --> OT1/lmr/m/it on input line 33.
LaTeX Font Info:    Overwriting math alphabet `\mathtt' in version `normal'
(Font)                  OT1/cmtt/m/n --> OT1/lmtt/m/n on input line 34.
LaTeX Font Info:    Overwriting math alphabet `\mathbf' in version `bold'
(Font)                  OT1/cmr/bx/n --> OT1/lmr/bx/n on input line 35.
LaTeX Font Info:    Overwriting math alphabet `\mathsf' in version `bold'
(Font)                  OT1/cmss/bx/n --> OT1/lmss/bx/n on input line 36.
LaTeX Font Info:    Overwriting math alphabet `\mathit' in version `bold'
(Font)                  OT1/cmr/bx/it --> OT1/lmr/bx/it on input line 37.
LaTeX Font Info:    Overwriting math alphabet `\mathtt' in version `bold'
(Font)                  OT1/cmtt/m/n --> OT1/lmtt/m/n on input line 38.
) (c:/Users/ferna/AppData/Roaming/TinyTeX/texmf-dist/tex/latex/xcolor/xcolor.sty
Package: xcolor 2024/09/29 v3.02 LaTeX color extensions (UK)
(c:/Users/ferna/AppData/Roaming/TinyTeX/texmf-dist/tex/latex/graphics-cfg/color.cfg
File: color.cfg 2016/01/02 v1.6 sample color configuration
)
Package xcolor Info: Driver file: pdftex.def on input line 274.
(c:/Users/ferna/AppData/Roaming/TinyTeX/texmf-dist/tex/latex/graphics-def/pdftex.def
File: pdftex.def 2024/04/13 v1.2c Graphics/color driver for pdftex
) (c:/Users/ferna/AppData/Roaming/TinyTeX/texmf-dist/tex/latex/graphics/mathcolor.ltx)
Package xcolor Info: Model `cmy' substituted by `cmy0' on input line 1349.
Package xcolor Info: Model `hsb' substituted by `rgb' on input line 1353.
Package xcolor Info: Model `RGB' extended on input line 1365.
Package xcolor Info: Model `HTML' substituted by `rgb' on input line 1367.
Package xcolor Info: Model `Hsb' substituted by `hsb' on input line 1368.
Package xcolor Info: Model `tHsb' substituted by `hsb' on input line 1369.
Package xcolor Info: Model `HSB' substituted by `hsb' on input line 1370.
Package xcolor Info: Model `Gray' substituted by `gray' on input line 1371.
Package xcolor Info: Model `wave' substituted by `hsb' on input line 1372.
) (c:/Users/ferna/AppData/Roaming/TinyTeX/texmf-dist/tex/latex/geometry/geometry.sty
Package: geometry 2020/01/02 v5.9 Page Geometry
(c:/Users/ferna/AppData/Roaming/TinyTeX/texmf-dist/tex/latex/graphics/keyval.sty
Package: keyval 2022/05/29 v1.15 key=value parser (DPC)
\KV@toks@=\toks24
) (c:/Users/ferna/AppData/Roaming/TinyTeX/texmf-dist/tex/generic/iftex/ifvtex.sty
Package: ifvtex 2019/10/25 v1.7 ifvtex legacy package. Use iftex instead.
)
\Gm@cnth=\count295
\Gm@cntv=\count296
\c@Gm@tempcnt=\count297
\Gm@bindingoffset=\dimen158
\Gm@wd@mp=\dimen159
\Gm@odd@mp=\dimen160
\Gm@even@mp=\dimen161
\Gm@layoutwidth=\dimen162
\Gm@layoutheight=\dimen163
\Gm@layouthoffset=\dimen164
\Gm@layoutvoffset=\dimen165
\Gm@dimlist=\toks25
) (c:/Users/ferna/AppData/Roaming/TinyTeX/texmf-dist/tex/latex/graphics/graphicx.sty
Package: graphicx 2024/12/31 v1.2e Enhanced LaTeX Graphics (DPC,SPQR)
(c:/Users/ferna/AppData/Roaming/TinyTeX/texmf-dist/tex/latex/graphics/graphics.sty
Package: graphics 2024/08/06 v1.4g Standard LaTeX Graphics (DPC,SPQR)
(c:/Users/ferna/AppData/Roaming/TinyTeX/texmf-dist/tex/latex/graphics/trig.sty
Package: trig 2023/12/02 v1.11 sin cos tan (DPC)
) (c:/Users/ferna/AppData/Roaming/TinyTeX/texmf-dist/tex/latex/graphics-cfg/graphics.cfg
File: graphics.cfg 2016/06/04 v1.11 sample graphics configuration
)
Package graphics Info: Driver file: pdftex.def on input line 106.
)
\Gin@req@height=\dimen166
\Gin@req@width=\dimen167
)
\pandoc@box=\box55
\cslhangindent=\skip54
\csllabelwidth=\skip55
(c:/Users/ferna/AppData/Roaming/TinyTeX/texmf-dist/tex/latex/tools/calc.sty
Package: calc 2025/03/01 v4.3b Infix arithmetic (KKT,FJ)
\calc@Acount=\count298
\calc@Bcount=\count299
\calc@Adimen=\dimen168
\calc@Bdimen=\dimen169
\calc@Askip=\skip56
\calc@Bskip=\skip57
LaTeX Info: Redefining \setlength on input line 86.
LaTeX Info: Redefining \addtolength on input line 87.
\calc@Ccount=\count300
\calc@Cskip=\skip58
) (c:/Users/ferna/AppData/Roaming/TinyTeX/texmf-dist/tex/latex/fancyhdr/fancyhdr.sty
Package: fancyhdr 2025/02/07 v5.2 Extensive control of page headers and footers
\f@nch@headwidth=\skip59
\f@nch@offset@elh=\skip60
\f@nch@offset@erh=\skip61
\f@nch@offset@olh=\skip62
\f@nch@offset@orh=\skip63
\f@nch@offset@elf=\skip64
\f@nch@offset@erf=\skip65
\f@nch@offset@olf=\skip66
\f@nch@offset@orf=\skip67
\f@nch@height=\skip68
\f@nch@footalignment=\skip69
\f@nch@widthL=\skip70
\f@nch@widthC=\skip71
\f@nch@widthR=\skip72
\@temptokenb=\toks26
) (c:/Users/ferna/AppData/Roaming/TinyTeX/texmf-dist/tex/generic/babel/babel.sty
Package: babel 2025/06/10 v25.10 The multilingual framework for pdfLaTeX, LuaLaTeX and XeLaTeX
\babel@savecnt=\count301
LaTeX Encoding Info:    Redeclaring text command \ij (encoding OT1) on input line 2043.
LaTeX Encoding Info:    Redeclaring text command \IJ (encoding OT1) on input line 2045.
LaTeX Encoding Info:    Redeclaring text command \ij (encoding T1) on input line 2047.
LaTeX Encoding Info:    Redeclaring text command \IJ (encoding T1) on input line 2048.
LaTeX Encoding Info:    Ignoring declaration for text command \ij (encoding ?) on input line 2049.
LaTeX Encoding Info:    Ignoring declaration for text command \IJ (encoding ?) on input line 2051.
LaTeX Encoding Info:    Ignoring declaration for text command \SS (encoding ?) on input line 2076.
\U@D=\dimen170
\l@unhyphenated=\language4
(c:/Users/ferna/AppData/Roaming/TinyTeX/texmf-dist/tex/generic/babel/txtbabel.def)
\bbl@readstream=\read2
\bbl@dirlevel=\count302
(c:/Users/ferna/AppData/Roaming/TinyTeX/texmf-dist/tex/generic/babel-spanish/spanish.ldf
Language: spanish.ldf 2021/05/27 v5.0q Spanish support from the babel system
(c:/Users/ferna/AppData/Roaming/TinyTeX/texmf-dist/tex/generic/babel/locale/es/babel-spanish.tex
Package babel Info: Importing font and identification data for spanish
(babel)             from babel-es.ini. Reported on input line 12.
)
\es@quottoks=\toks27
\es@quotdepth=\count303
Package babel Info: Making " an active character on input line 570.
Package babel Info: Making . an active character on input line 675.
Package babel Info: Making < an active character on input line 722.
Package babel Info: Making > an active character on input line 722.
))
LaTeX Encoding Info:    Redeclaring text command \guillemotleft (encoding OT1) on input line 96.
LaTeX Encoding Info:    Redeclaring text command \guillemotright (encoding OT1) on input line 96.
(c:/Users/ferna/AppData/Roaming/TinyTeX/texmf-dist/tex/latex/float/float.sty
Package: float 2001/11/08 v1.3d Float enhancements (AL)
\c@float@type=\count304
\float@exts=\toks28
\float@box=\box56
\@float@everytoks=\toks29
\@floatcapt=\box57
) (c:/Users/ferna/AppData/Roaming/TinyTeX/texmf-dist/tex/latex/newfloat/newfloat.sty
Package: newfloat 2023/10/01 v1.2 Defining new floating environments (AR)
)
Package newfloat Info: New float `gráfica' with options `fileext=loq' on input line 98.
\c@gráfica=\count305
Package newfloat Info: float type `gráfica'=4 on input line 98.
(c:/Users/ferna/AppData/Roaming/TinyTeX/texmf-dist/tex/latex/psnfss/helvet.sty
Package: helvet 2020/03/25 PSNFSS-v9.3 (WaS) 
) (c:/Users/ferna/AppData/Roaming/TinyTeX/texmf-dist/tex/latex/pgf/frontendlayer/tikz.sty (c:/Users/ferna/AppData/Roaming/TinyTeX/texmf-dist/tex/latex/pgf/basiclayer/pgf.sty (c:/Users/ferna/AppData/Roaming/TinyTeX/texmf-dist/tex/latex/pgf/utilities/pgfrcs.sty (c:/Users/ferna/AppData/Roaming/TinyTeX/texmf-dist/tex/generic/pgf/utilities/pgfutil-common.tex
\pgfutil@everybye=\toks30
\pgfutil@tempdima=\dimen171
\pgfutil@tempdimb=\dimen172
) (c:/Users/ferna/AppData/Roaming/TinyTeX/texmf-dist/tex/generic/pgf/utilities/pgfutil-latex.def
\pgfutil@abb=\box58
) (c:/Users/ferna/AppData/Roaming/TinyTeX/texmf-dist/tex/generic/pgf/utilities/pgfrcs.code.tex (c:/Users/ferna/AppData/Roaming/TinyTeX/texmf-dist/tex/generic/pgf/pgf.revision.tex)
Package: pgfrcs 2023-01-15 v3.1.10 (3.1.10)
))
Package: pgf 2023-01-15 v3.1.10 (3.1.10)
(c:/Users/ferna/AppData/Roaming/TinyTeX/texmf-dist/tex/latex/pgf/basiclayer/pgfcore.sty (c:/Users/ferna/AppData/Roaming/TinyTeX/texmf-dist/tex/latex/pgf/systemlayer/pgfsys.sty (c:/Users/ferna/AppData/Roaming/TinyTeX/texmf-dist/tex/generic/pgf/systemlayer/pgfsys.code.tex
Package: pgfsys 2023-01-15 v3.1.10 (3.1.10)
(c:/Users/ferna/AppData/Roaming/TinyTeX/texmf-dist/tex/generic/pgf/utilities/pgfkeys.code.tex
\pgfkeys@pathtoks=\toks31
\pgfkeys@temptoks=\toks32
(c:/Users/ferna/AppData/Roaming/TinyTeX/texmf-dist/tex/generic/pgf/utilities/pgfkeyslibraryfiltered.code.tex
\pgfkeys@tmptoks=\toks33
))
\pgf@x=\dimen173
\pgf@y=\dimen174
\pgf@xa=\dimen175
\pgf@ya=\dimen176
\pgf@xb=\dimen177
\pgf@yb=\dimen178
\pgf@xc=\dimen179
\pgf@yc=\dimen180
\pgf@xd=\dimen181
\pgf@yd=\dimen182
\w@pgf@writea=\write3
\r@pgf@reada=\read3
\c@pgf@counta=\count306
\c@pgf@countb=\count307
\c@pgf@countc=\count308
\c@pgf@countd=\count309
\t@pgf@toka=\toks34
\t@pgf@tokb=\toks35
\t@pgf@tokc=\toks36
\pgf@sys@id@count=\count310
(c:/Users/ferna/AppData/Roaming/TinyTeX/texmf-dist/tex/generic/pgf/systemlayer/pgf.cfg
File: pgf.cfg 2023-01-15 v3.1.10 (3.1.10)
)
Driver file for pgf: pgfsys-pdftex.def
(c:/Users/ferna/AppData/Roaming/TinyTeX/texmf-dist/tex/generic/pgf/systemlayer/pgfsys-pdftex.def
File: pgfsys-pdftex.def 2023-01-15 v3.1.10 (3.1.10)
(c:/Users/ferna/AppData/Roaming/TinyTeX/texmf-dist/tex/generic/pgf/systemlayer/pgfsys-common-pdf.def
File: pgfsys-common-pdf.def 2023-01-15 v3.1.10 (3.1.10)
))) (c:/Users/ferna/AppData/Roaming/TinyTeX/texmf-dist/tex/generic/pgf/systemlayer/pgfsyssoftpath.code.tex
File: pgfsyssoftpath.code.tex 2023-01-15 v3.1.10 (3.1.10)
\pgfsyssoftpath@smallbuffer@items=\count311
\pgfsyssoftpath@bigbuffer@items=\count312
) (c:/Users/ferna/AppData/Roaming/TinyTeX/texmf-dist/tex/generic/pgf/systemlayer/pgfsysprotocol.code.tex
File: pgfsysprotocol.code.tex 2023-01-15 v3.1.10 (3.1.10)
)) (c:/Users/ferna/AppData/Roaming/TinyTeX/texmf-dist/tex/generic/pgf/basiclayer/pgfcore.code.tex
Package: pgfcore 2023-01-15 v3.1.10 (3.1.10)
(c:/Users/ferna/AppData/Roaming/TinyTeX/texmf-dist/tex/generic/pgf/math/pgfmath.code.tex (c:/Users/ferna/AppData/Roaming/TinyTeX/texmf-dist/tex/generic/pgf/math/pgfmathutil.code.tex) (c:/Users/ferna/AppData/Roaming/TinyTeX/texmf-dist/tex/generic/pgf/math/pgfmathparser.code.tex
\pgfmath@dimen=\dimen183
\pgfmath@count=\count313
\pgfmath@box=\box59
\pgfmath@toks=\toks37
\pgfmath@stack@operand=\toks38
\pgfmath@stack@operation=\toks39
) (c:/Users/ferna/AppData/Roaming/TinyTeX/texmf-dist/tex/generic/pgf/math/pgfmathfunctions.code.tex) (c:/Users/ferna/AppData/Roaming/TinyTeX/texmf-dist/tex/generic/pgf/math/pgfmathfunctions.basic.code.tex) (c:/Users/ferna/AppData/Roaming/TinyTeX/texmf-dist/tex/generic/pgf/math/pgfmathfunctions.trigonometric.code.tex) (c:/Users/ferna/AppData/Roaming/TinyTeX/texmf-dist/tex/generic/pgf/math/pgfmathfunctions.random.code.tex) (c:/Users/ferna/AppData/Roaming/TinyTeX/texmf-dist/tex/generic/pgf/math/pgfmathfunctions.comparison.code.tex) (c:/Users/ferna/AppData/Roaming/TinyTeX/texmf-dist/tex/generic/pgf/math/pgfmathfunctions.base.code.tex) (c:/Users/ferna/AppData/Roaming/TinyTeX/texmf-dist/tex/generic/pgf/math/pgfmathfunctions.round.code.tex) (c:/Users/ferna/AppData/Roaming/TinyTeX/texmf-dist/tex/generic/pgf/math/pgfmathfunctions.misc.code.tex) (c:/Users/ferna/AppData/Roaming/TinyTeX/texmf-dist/tex/generic/pgf/math/pgfmathfunctions.integerarithmetics.code.tex) (c:/Users/ferna/AppData/Roaming/TinyTeX/texmf-dist/tex/generic/pgf/math/pgfmathcalc.code.tex) (c:/Users/ferna/AppData/Roaming/TinyTeX/texmf-dist/tex/generic/pgf/math/pgfmathfloat.code.tex
\c@pgfmathroundto@lastzeros=\count314
)) (c:/Users/ferna/AppData/Roaming/TinyTeX/texmf-dist/tex/generic/pgf/math/pgfint.code.tex) (c:/Users/ferna/AppData/Roaming/TinyTeX/texmf-dist/tex/generic/pgf/basiclayer/pgfcorepoints.code.tex
File: pgfcorepoints.code.tex 2023-01-15 v3.1.10 (3.1.10)
\pgf@picminx=\dimen184
\pgf@picmaxx=\dimen185
\pgf@picminy=\dimen186
\pgf@picmaxy=\dimen187
\pgf@pathminx=\dimen188
\pgf@pathmaxx=\dimen189
\pgf@pathminy=\dimen190
\pgf@pathmaxy=\dimen191
\pgf@xx=\dimen192
\pgf@xy=\dimen193
\pgf@yx=\dimen194
\pgf@yy=\dimen195
\pgf@zx=\dimen196
\pgf@zy=\dimen197
) (c:/Users/ferna/AppData/Roaming/TinyTeX/texmf-dist/tex/generic/pgf/basiclayer/pgfcorepathconstruct.code.tex
File: pgfcorepathconstruct.code.tex 2023-01-15 v3.1.10 (3.1.10)
\pgf@path@lastx=\dimen198
\pgf@path@lasty=\dimen199
) (c:/Users/ferna/AppData/Roaming/TinyTeX/texmf-dist/tex/generic/pgf/basiclayer/pgfcorepathusage.code.tex
File: pgfcorepathusage.code.tex 2023-01-15 v3.1.10 (3.1.10)
\pgf@shorten@end@additional=\dimen256
\pgf@shorten@start@additional=\dimen257
) (c:/Users/ferna/AppData/Roaming/TinyTeX/texmf-dist/tex/generic/pgf/basiclayer/pgfcorescopes.code.tex
File: pgfcorescopes.code.tex 2023-01-15 v3.1.10 (3.1.10)
\pgfpic=\box60
\pgf@hbox=\box61
\pgf@layerbox@main=\box62
\pgf@picture@serial@count=\count315
) (c:/Users/ferna/AppData/Roaming/TinyTeX/texmf-dist/tex/generic/pgf/basiclayer/pgfcoregraphicstate.code.tex
File: pgfcoregraphicstate.code.tex 2023-01-15 v3.1.10 (3.1.10)
\pgflinewidth=\dimen258
) (c:/Users/ferna/AppData/Roaming/TinyTeX/texmf-dist/tex/generic/pgf/basiclayer/pgfcoretransformations.code.tex
File: pgfcoretransformations.code.tex 2023-01-15 v3.1.10 (3.1.10)
\pgf@pt@x=\dimen259
\pgf@pt@y=\dimen260
\pgf@pt@temp=\dimen261
) (c:/Users/ferna/AppData/Roaming/TinyTeX/texmf-dist/tex/generic/pgf/basiclayer/pgfcorequick.code.tex
File: pgfcorequick.code.tex 2023-01-15 v3.1.10 (3.1.10)
) (c:/Users/ferna/AppData/Roaming/TinyTeX/texmf-dist/tex/generic/pgf/basiclayer/pgfcoreobjects.code.tex
File: pgfcoreobjects.code.tex 2023-01-15 v3.1.10 (3.1.10)
) (c:/Users/ferna/AppData/Roaming/TinyTeX/texmf-dist/tex/generic/pgf/basiclayer/pgfcorepathprocessing.code.tex
File: pgfcorepathprocessing.code.tex 2023-01-15 v3.1.10 (3.1.10)
) (c:/Users/ferna/AppData/Roaming/TinyTeX/texmf-dist/tex/generic/pgf/basiclayer/pgfcorearrows.code.tex
File: pgfcorearrows.code.tex 2023-01-15 v3.1.10 (3.1.10)
\pgfarrowsep=\dimen262
) (c:/Users/ferna/AppData/Roaming/TinyTeX/texmf-dist/tex/generic/pgf/basiclayer/pgfcoreshade.code.tex
File: pgfcoreshade.code.tex 2023-01-15 v3.1.10 (3.1.10)
\pgf@max=\dimen263
\pgf@sys@shading@range@num=\count316
\pgf@shadingcount=\count317
) (c:/Users/ferna/AppData/Roaming/TinyTeX/texmf-dist/tex/generic/pgf/basiclayer/pgfcoreimage.code.tex
File: pgfcoreimage.code.tex 2023-01-15 v3.1.10 (3.1.10)
) (c:/Users/ferna/AppData/Roaming/TinyTeX/texmf-dist/tex/generic/pgf/basiclayer/pgfcoreexternal.code.tex
File: pgfcoreexternal.code.tex 2023-01-15 v3.1.10 (3.1.10)
\pgfexternal@startupbox=\box63
) (c:/Users/ferna/AppData/Roaming/TinyTeX/texmf-dist/tex/generic/pgf/basiclayer/pgfcorelayers.code.tex
File: pgfcorelayers.code.tex 2023-01-15 v3.1.10 (3.1.10)
) (c:/Users/ferna/AppData/Roaming/TinyTeX/texmf-dist/tex/generic/pgf/basiclayer/pgfcoretransparency.code.tex
File: pgfcoretransparency.code.tex 2023-01-15 v3.1.10 (3.1.10)
) (c:/Users/ferna/AppData/Roaming/TinyTeX/texmf-dist/tex/generic/pgf/basiclayer/pgfcorepatterns.code.tex
File: pgfcorepatterns.code.tex 2023-01-15 v3.1.10 (3.1.10)
) (c:/Users/ferna/AppData/Roaming/TinyTeX/texmf-dist/tex/generic/pgf/basiclayer/pgfcorerdf.code.tex
File: pgfcorerdf.code.tex 2023-01-15 v3.1.10 (3.1.10)
))) (c:/Users/ferna/AppData/Roaming/TinyTeX/texmf-dist/tex/generic/pgf/modules/pgfmoduleshapes.code.tex
File: pgfmoduleshapes.code.tex 2023-01-15 v3.1.10 (3.1.10)
\pgfnodeparttextbox=\box64
) (c:/Users/ferna/AppData/Roaming/TinyTeX/texmf-dist/tex/generic/pgf/modules/pgfmoduleplot.code.tex
File: pgfmoduleplot.code.tex 2023-01-15 v3.1.10 (3.1.10)
) (c:/Users/ferna/AppData/Roaming/TinyTeX/texmf-dist/tex/latex/pgf/compatibility/pgfcomp-version-0-65.sty
Package: pgfcomp-version-0-65 2023-01-15 v3.1.10 (3.1.10)
\pgf@nodesepstart=\dimen264
\pgf@nodesepend=\dimen265
) (c:/Users/ferna/AppData/Roaming/TinyTeX/texmf-dist/tex/latex/pgf/compatibility/pgfcomp-version-1-18.sty
Package: pgfcomp-version-1-18 2023-01-15 v3.1.10 (3.1.10)
)) (c:/Users/ferna/AppData/Roaming/TinyTeX/texmf-dist/tex/latex/pgf/utilities/pgffor.sty (c:/Users/ferna/AppData/Roaming/TinyTeX/texmf-dist/tex/latex/pgf/utilities/pgfkeys.sty (c:/Users/ferna/AppData/Roaming/TinyTeX/texmf-dist/tex/generic/pgf/utilities/pgfkeys.code.tex)) (c:/Users/ferna/AppData/Roaming/TinyTeX/texmf-dist/tex/latex/pgf/math/pgfmath.sty (c:/Users/ferna/AppData/Roaming/TinyTeX/texmf-dist/tex/generic/pgf/math/pgfmath.code.tex)) (c:/Users/ferna/AppData/Roaming/TinyTeX/texmf-dist/tex/generic/pgf/utilities/pgffor.code.tex
Package: pgffor 2023-01-15 v3.1.10 (3.1.10)
\pgffor@iter=\dimen266
\pgffor@skip=\dimen267
\pgffor@stack=\toks40
\pgffor@toks=\toks41
)) (c:/Users/ferna/AppData/Roaming/TinyTeX/texmf-dist/tex/generic/pgf/frontendlayer/tikz/tikz.code.tex
Package: tikz 2023-01-15 v3.1.10 (3.1.10)
(c:/Users/ferna/AppData/Roaming/TinyTeX/texmf-dist/tex/generic/pgf/libraries/pgflibraryplothandlers.code.tex
File: pgflibraryplothandlers.code.tex 2023-01-15 v3.1.10 (3.1.10)
\pgf@plot@mark@count=\count318
\pgfplotmarksize=\dimen268
)
\tikz@lastx=\dimen269
\tikz@lasty=\dimen270
\tikz@lastxsaved=\dimen271
\tikz@lastysaved=\dimen272
\tikz@lastmovetox=\dimen273
\tikz@lastmovetoy=\dimen274
\tikzleveldistance=\dimen275
\tikzsiblingdistance=\dimen276
\tikz@figbox=\box65
\tikz@figbox@bg=\box66
\tikz@tempbox=\box67
\tikz@tempbox@bg=\box68
\tikztreelevel=\count319
\tikznumberofchildren=\count320
\tikznumberofcurrentchild=\count321
\tikz@fig@count=\count322
(c:/Users/ferna/AppData/Roaming/TinyTeX/texmf-dist/tex/generic/pgf/modules/pgfmodulematrix.code.tex
File: pgfmodulematrix.code.tex 2023-01-15 v3.1.10 (3.1.10)
\pgfmatrixcurrentrow=\count323
\pgfmatrixcurrentcolumn=\count324
\pgf@matrix@numberofcolumns=\count325
)
\tikz@expandcount=\count326
(c:/Users/ferna/AppData/Roaming/TinyTeX/texmf-dist/tex/generic/pgf/frontendlayer/tikz/libraries/tikzlibrarytopaths.code.tex
File: tikzlibrarytopaths.code.tex 2023-01-15 v3.1.10 (3.1.10)
))) (c:/Users/ferna/AppData/Roaming/TinyTeX/texmf-dist/tex/latex/booktabs/booktabs.sty
Package: booktabs 2020/01/12 v1.61803398 Publication quality tables
\heavyrulewidth=\dimen277
\lightrulewidth=\dimen278
\cmidrulewidth=\dimen279
\belowrulesep=\dimen280
\belowbottomsep=\dimen281
\aboverulesep=\dimen282
\abovetopsep=\dimen283
\cmidrulesep=\dimen284
\cmidrulekern=\dimen285
\defaultaddspace=\dimen286
\@cmidla=\count327
\@cmidlb=\count328
\@aboverulesep=\dimen287
\@belowrulesep=\dimen288
\@thisruleclass=\count329
\@lastruleclass=\count330
\@thisrulewidth=\dimen289
) (c:/Users/ferna/AppData/Roaming/TinyTeX/texmf-dist/tex/latex/tools/longtable.sty
Package: longtable 2024-12-18 v4.23 Multi-page Table package (DPC)
\LTleft=\skip73
\LTright=\skip74
\LTpre=\skip75
\LTpost=\skip76
\LTchunksize=\count331
\LTcapwidth=\dimen290
\LT@head=\box69
\LT@firsthead=\box70
\LT@foot=\box71
\LT@lastfoot=\box72
\LT@gbox=\box73
\LT@cols=\count332
\LT@rows=\count333
\c@LT@tables=\count334
\c@LT@chunks=\count335
\LT@p@ftn=\toks42
) (c:/Users/ferna/AppData/Roaming/TinyTeX/texmf-dist/tex/latex/tools/array.sty
Package: array 2025/06/08 v2.6j Tabular extension package (FMi)
\col@sep=\dimen291
\ar@mcellbox=\box74
\extrarowheight=\dimen292
\NC@list=\toks43
\extratabsurround=\skip77
\backup@length=\skip78
\ar@cellbox=\box75
) (c:/Users/ferna/AppData/Roaming/TinyTeX/texmf-dist/tex/latex/multirow/multirow.sty
Package: multirow 2024/11/12 v2.9 Span multiple rows of a table
\multirow@colwidth=\skip79
\multirow@cntb=\count336
\multirow@dima=\skip80
\bigstrutjot=\dimen293
) (c:/Users/ferna/AppData/Roaming/TinyTeX/texmf-dist/tex/latex/wrapfig/wrapfig.sty
\wrapoverhang=\dimen294
\WF@size=\dimen295
\c@WF@wrappedlines=\count337
\WF@box=\box76
\WF@everypar=\toks44
Package: wrapfig 2003/01/31  v 3.6
) (c:/Users/ferna/AppData/Roaming/TinyTeX/texmf-dist/tex/latex/colortbl/colortbl.sty
Package: colortbl 2024/10/29 v1.0k Color table columns (DPC)
\everycr=\toks45
\minrowclearance=\skip81
\rownum=\count338
) (c:/Users/ferna/AppData/Roaming/TinyTeX/texmf-dist/tex/latex/pdflscape/pdflscape.sty
Package: pdflscape 2025-06-23 v0.14 Display of landscape pages in PDF
(c:/Users/ferna/AppData/Roaming/TinyTeX/texmf-dist/tex/latex/pdflscape/pdflscape-nometadata.sty
Package: pdflscape-nometadata 2025-06-23 v0.14 Display of landscape pages in PDF (HO)
(c:/Users/ferna/AppData/Roaming/TinyTeX/texmf-dist/tex/latex/graphics/lscape.sty
Package: lscape 2020/05/28 v3.02 Landscape Pages (DPC)
)
Package pdflscape Info: Auto-detected driver: pdftex on input line 81.
)) (c:/Users/ferna/AppData/Roaming/TinyTeX/texmf-dist/tex/latex/tabu/tabu.sty
Package: tabu 2019/01/11 v2.9 - flexible LaTeX tabulars (FC+tabu-fixed)
(c:/Users/ferna/AppData/Roaming/TinyTeX/texmf-dist/tex/latex/varwidth/varwidth.sty
Package: varwidth 2009/03/30 ver 0.92;  Variable-width minipages
\@vwid@box=\box77
\sift@deathcycles=\count339
\@vwid@loff=\dimen296
\@vwid@roff=\dimen297
)
==> First Aid for varwidth.sty applied!
\c@taburow=\count340
\tabu@nbcols=\count341
\tabu@cnt=\count342
\tabu@Xcol=\count343
\tabu@alloc=\count344
\tabu@nested=\count345
\tabu@target=\dimen298
\tabu@spreadtarget=\dimen299
\tabu@naturalX=\dimen300
\tabucolX=\dimen301
\tabu@Xsum=\dimen302
\extrarowdepth=\dimen303
\abovetabulinesep=\dimen304
\belowtabulinesep=\dimen305
\tabustrutrule=\dimen306
\tabu@thebody=\toks46
\tabu@footnotes=\toks47
\tabu@box=\box78
\tabu@arstrutbox=\box79
\tabu@hleads=\box80
\tabu@vleads=\box81
\tabu@cellskip=\skip82
) (c:/Users/ferna/AppData/Roaming/TinyTeX/texmf-dist/tex/latex/threeparttable/threeparttable.sty
Package: threeparttable 2003/06/13  v 3.0
\@tempboxb=\box82
) (c:/Users/ferna/AppData/Roaming/TinyTeX/texmf-dist/tex/latex/threeparttablex/threeparttablex.sty
Package: threeparttablex 2013/07/23 v0.3 by daleif
(c:/Users/ferna/AppData/Roaming/TinyTeX/texmf-dist/tex/latex/environ/environ.sty
Package: environ 2014/05/04 v0.3 A new way to define environments
(c:/Users/ferna/AppData/Roaming/TinyTeX/texmf-dist/tex/latex/trimspaces/trimspaces.sty
Package: trimspaces 2009/09/17 v1.1 Trim spaces around a token list
))
\TPTL@width=\skip83
) (c:/Users/ferna/AppData/Roaming/TinyTeX/texmf-dist/tex/generic/ulem/ulem.sty
\UL@box=\box83
\UL@hyphenbox=\box84
\UL@skip=\skip84
\UL@hook=\toks48
\UL@height=\dimen307
\UL@pe=\count346
\UL@pixel=\dimen308
\ULC@box=\box85
Package: ulem 2019/11/18
\ULdepth=\dimen309
) (c:/Users/ferna/AppData/Roaming/TinyTeX/texmf-dist/tex/latex/makecell/makecell.sty
Package: makecell 2009/08/03 V0.1e Managing of Tab Column Heads and Cells
\rotheadsize=\dimen310
\c@nlinenum=\count347
\TeXr@lab=\toks49
) (c:/Users/ferna/AppData/Roaming/TinyTeX/texmf-dist/tex/latex/bookmark/bookmark.sty
Package: bookmark 2023-12-10 v1.31 PDF bookmarks (HO)
(c:/Users/ferna/AppData/Roaming/TinyTeX/texmf-dist/tex/latex/hyperref/hyperref.sty
Package: hyperref 2025-06-21 v7.01n Hypertext links for LaTeX
(c:/Users/ferna/AppData/Roaming/TinyTeX/texmf-dist/tex/latex/kvsetkeys/kvsetkeys.sty
Package: kvsetkeys 2022-10-05 v1.19 Key value parser (HO)
) (c:/Users/ferna/AppData/Roaming/TinyTeX/texmf-dist/tex/generic/kvdefinekeys/kvdefinekeys.sty
Package: kvdefinekeys 2019-12-19 v1.6 Define keys (HO)
) (c:/Users/ferna/AppData/Roaming/TinyTeX/texmf-dist/tex/generic/pdfescape/pdfescape.sty
Package: pdfescape 2019/12/09 v1.15 Implements pdfTeX's escape features (HO)
(c:/Users/ferna/AppData/Roaming/TinyTeX/texmf-dist/tex/generic/ltxcmds/ltxcmds.sty
Package: ltxcmds 2023-12-04 v1.26 LaTeX kernel commands for general use (HO)
) (c:/Users/ferna/AppData/Roaming/TinyTeX/texmf-dist/tex/generic/pdftexcmds/pdftexcmds.sty
Package: pdftexcmds 2020-06-27 v0.33 Utility functions of pdfTeX for LuaTeX (HO)
(c:/Users/ferna/AppData/Roaming/TinyTeX/texmf-dist/tex/generic/infwarerr/infwarerr.sty
Package: infwarerr 2019/12/03 v1.5 Providing info/warning/error messages (HO)
)
Package pdftexcmds Info: \pdf@primitive is available.
Package pdftexcmds Info: \pdf@ifprimitive is available.
Package pdftexcmds Info: \pdfdraftmode found.
)) (c:/Users/ferna/AppData/Roaming/TinyTeX/texmf-dist/tex/latex/hycolor/hycolor.sty
Package: hycolor 2020-01-27 v1.10 Color options for hyperref/bookmark (HO)
) (c:/Users/ferna/AppData/Roaming/TinyTeX/texmf-dist/tex/latex/hyperref/nameref.sty
Package: nameref 2025-06-21 v2.57 Cross-referencing by name of section
(c:/Users/ferna/AppData/Roaming/TinyTeX/texmf-dist/tex/latex/refcount/refcount.sty
Package: refcount 2019/12/15 v3.6 Data extraction from label references (HO)
) (c:/Users/ferna/AppData/Roaming/TinyTeX/texmf-dist/tex/generic/gettitlestring/gettitlestring.sty
Package: gettitlestring 2019/12/15 v1.6 Cleanup title references (HO)
(c:/Users/ferna/AppData/Roaming/TinyTeX/texmf-dist/tex/latex/kvoptions/kvoptions.sty
Package: kvoptions 2022-06-15 v3.15 Key value format for package options (HO)
))
\c@section@level=\count348
) (c:/Users/ferna/AppData/Roaming/TinyTeX/texmf-dist/tex/latex/etoolbox/etoolbox.sty
Package: etoolbox 2025/02/11 v2.5l e-TeX tools for LaTeX (JAW)
\etb@tempcnta=\count349
) (c:/Users/ferna/AppData/Roaming/TinyTeX/texmf-dist/tex/generic/stringenc/stringenc.sty
Package: stringenc 2019/11/29 v1.12 Convert strings between diff. encodings (HO)
)
\@linkdim=\dimen311
\Hy@linkcounter=\count350
\Hy@pagecounter=\count351
(c:/Users/ferna/AppData/Roaming/TinyTeX/texmf-dist/tex/latex/hyperref/pd1enc.def
File: pd1enc.def 2025-06-21 v7.01n Hyperref: PDFDocEncoding definition (HO)
Now handling font encoding PD1 ...
... no UTF-8 mapping file for font encoding PD1
) (c:/Users/ferna/AppData/Roaming/TinyTeX/texmf-dist/tex/generic/intcalc/intcalc.sty
Package: intcalc 2019/12/15 v1.3 Expandable calculations with integers (HO)
)
\Hy@SavedSpaceFactor=\count352
(c:/Users/ferna/AppData/Roaming/TinyTeX/texmf-dist/tex/latex/hyperref/puenc.def
File: puenc.def 2025-06-21 v7.01n Hyperref: PDF Unicode definition (HO)
Now handling font encoding PU ...
... no UTF-8 mapping file for font encoding PU
)
Package hyperref Info: Option `unicode' set `true' on input line 4052.
Package hyperref Info: Hyper figures OFF on input line 4181.
Package hyperref Info: Link nesting OFF on input line 4186.
Package hyperref Info: Hyper index ON on input line 4189.
Package hyperref Info: Plain pages OFF on input line 4196.
Package hyperref Info: Backreferencing OFF on input line 4201.
Package hyperref Info: Implicit mode ON; LaTeX internals redefined.
Package hyperref Info: Bookmarks ON on input line 4448.
\c@Hy@tempcnt=\count353
(c:/Users/ferna/AppData/Roaming/TinyTeX/texmf-dist/tex/latex/url/url.sty
\Urlmuskip=\muskip18
Package: url 2013/09/16  ver 3.4  Verb mode for urls, etc.
)
LaTeX Info: Redefining \url on input line 4787.
\XeTeXLinkMargin=\dimen312
(c:/Users/ferna/AppData/Roaming/TinyTeX/texmf-dist/tex/generic/bitset/bitset.sty
Package: bitset 2019/12/09 v1.3 Handle bit-vector datatype (HO)
(c:/Users/ferna/AppData/Roaming/TinyTeX/texmf-dist/tex/generic/bigintcalc/bigintcalc.sty
Package: bigintcalc 2019/12/15 v1.5 Expandable calculations on big integers (HO)
))
\Fld@menulength=\count354
\Field@Width=\dimen313
\Fld@charsize=\dimen314
Package hyperref Info: Hyper figures OFF on input line 6066.
Package hyperref Info: Link nesting OFF on input line 6071.
Package hyperref Info: Hyper index ON on input line 6074.
Package hyperref Info: backreferencing OFF on input line 6081.
Package hyperref Info: Link coloring OFF on input line 6086.
Package hyperref Info: Link coloring with OCG OFF on input line 6091.
Package hyperref Info: PDF/A mode OFF on input line 6096.
\Hy@abspage=\count355
\c@Item=\count356
\c@Hfootnote=\count357
)
Package hyperref Info: Driver (autodetected): hpdftex.
(c:/Users/ferna/AppData/Roaming/TinyTeX/texmf-dist/tex/latex/hyperref/hpdftex.def
File: hpdftex.def 2025-06-21 v7.01n Hyperref driver for pdfTeX
\Fld@listcount=\count358
\c@bookmark@seq@number=\count359
(c:/Users/ferna/AppData/Roaming/TinyTeX/texmf-dist/tex/latex/rerunfilecheck/rerunfilecheck.sty
Package: rerunfilecheck 2025-06-21 v1.11 Rerun checks for auxiliary files (HO)
(c:/Users/ferna/AppData/Roaming/TinyTeX/texmf-dist/tex/generic/uniquecounter/uniquecounter.sty
Package: uniquecounter 2019/12/15 v1.4 Provide unlimited unique counter (HO)
)
Package uniquecounter Info: New unique counter `rerunfilecheck' on input line 284.
)
\Hy@SectionHShift=\skip85
) (c:/Users/ferna/AppData/Roaming/TinyTeX/texmf-dist/tex/latex/bookmark/bkm-pdftex.def
File: bkm-pdftex.def 2023-12-10 v1.31 bookmark driver for pdfTeX and luaTeX (HO)
\BKM@id=\count360
))
LaTeX Font Info:    Trying to load font information for T1+phv on input line 128.
(c:/Users/ferna/AppData/Roaming/TinyTeX/texmf-dist/tex/latex/psnfss/t1phv.fd
File: t1phv.fd 2020/03/25 scalable font definitions for T1/phv.
) (c:/Users/ferna/AppData/Roaming/TinyTeX/texmf-dist/tex/latex/l3backend/l3backend-pdftex.def
File: l3backend-pdftex.def 2025-06-09 L3 backend support: PDF output (pdfTeX)
\l__color_backend_stack_int=\count361
) (./Caso-Práctico-414-Informe-de-Investigación.aux
LaTeX Info: Redefining \. on input line 12.
LaTeX Info: Redefining \% on input line 12.
Package babel Info: 'spanish' activates 'spanish' shorthands.
(babel)             Reported  on input line 12.

LaTeX Warning: Label `tab:codificacion_PFC' multiply defined.


LaTeX Warning: Label `tab:codificacion_PCM' multiply defined.


LaTeX Warning: Label `tab:codificacion_PFC' multiply defined.

)
\openout1 = `Caso-Práctico-414-Informe-de-Investigación.aux'.

LaTeX Font Info:    Checking defaults for OML/cmm/m/it on input line 128.
LaTeX Font Info:    ... okay on input line 128.
LaTeX Font Info:    Checking defaults for OMS/cmsy/m/n on input line 128.
LaTeX Font Info:    ... okay on input line 128.
LaTeX Font Info:    Checking defaults for OT1/cmr/m/n on input line 128.
LaTeX Font Info:    ... okay on input line 128.
LaTeX Font Info:    Checking defaults for T1/cmr/m/n on input line 128.
LaTeX Font Info:    ... okay on input line 128.
LaTeX Font Info:    Checking defaults for TS1/cmr/m/n on input line 128.
LaTeX Font Info:    ... okay on input line 128.
LaTeX Font Info:    Checking defaults for OMX/cmex/m/n on input line 128.
LaTeX Font Info:    ... okay on input line 128.
LaTeX Font Info:    Checking defaults for U/cmr/m/n on input line 128.
LaTeX Font Info:    ... okay on input line 128.
LaTeX Font Info:    Checking defaults for PD1/pdf/m/n on input line 128.
LaTeX Font Info:    ... okay on input line 128.
LaTeX Font Info:    Checking defaults for PU/pdf/m/n on input line 128.
LaTeX Font Info:    ... okay on input line 128.
(c:/Users/ferna/AppData/Roaming/TinyTeX/texmf-dist/tex/latex/epstopdf-pkg/epstopdf-base.sty
Package: epstopdf-base 2020-01-24 v2.11 Base part for package epstopdf
Package epstopdf-base Info: Redefining graphics rule for `.eps' on input line 485.
(c:/Users/ferna/AppData/Roaming/TinyTeX/texmf-dist/tex/latex/latexconfig/epstopdf-sys.cfg
File: epstopdf-sys.cfg 2010/07/13 v1.3 Configuration of (r)epstopdf for TeX Live
))
*geometry* driver: auto-detecting
*geometry* detected driver: pdftex
*geometry* verbose mode - [ preamble ] result:
* driver: pdftex
* paper: a4paper
* layout: <same size as paper>
* layoutoffset:(h,v)=(0.0pt,0.0pt)
* modes: 
* h-part:(L,W,R)=(72.2698pt, 452.96826pt, 72.2698pt)
* v-part:(T,H,B)=(68.28644pt, 704.4906pt, 72.2698pt)
* \paperwidth=597.50787pt
* \paperheight=845.04684pt
* \textwidth=452.96826pt
* \textheight=704.4906pt
* \oddsidemargin=-0.00018pt
* \evensidemargin=-0.00018pt
* \topmargin=-40.98355pt
* \headheight=12.0pt
* \headsep=25.0pt
* \topskip=10.0pt
* \footskip=30.0pt
* \marginparwidth=65.0pt
* \marginparsep=11.0pt
* \columnsep=10.0pt
* \skip\footins=9.0pt plus 4.0pt minus 2.0pt
* \hoffset=0.0pt
* \voffset=0.0pt
* \mag=1000
* \@twocolumnfalse
* \@twosidefalse
* \@mparswitchfalse
* \@reversemarginfalse
* (1in=72.27pt=25.4mm, 1cm=28.453pt)

LaTeX Info: Redefining \. on input line 128.
LaTeX Info: Redefining \% on input line 128.
Package newfloat Info: `float' package detected.
Package newfloat Info: `wrapfig' package detected.
Package hyperref Info: Link coloring OFF on input line 128.
<fig/protocolo_investigacion.png, id=7, 455.45157pt x 213.04594pt>
File: fig/protocolo_investigacion.png Graphic file (type png)
<use fig/protocolo_investigacion.png>
Package pdftex.def Info: fig/protocolo_investigacion.png  used on input line 156.
(pdftex.def)             Requested size: 455.45045pt x 213.04541pt.

Overfull \hbox (2.4822pt too wide) in paragraph at lines 156--157
 [][] 
 []



<fig/Logo_Cesuma.png, id=9, 290.832pt x 52.341pt>
File: fig/Logo_Cesuma.png Graphic file (type png)
<use fig/Logo_Cesuma.png>
Package pdftex.def Info: fig/Logo_Cesuma.png  used on input line 165.
(pdftex.def)             Requested size: 200.0pt x 35.99393pt.

Package fancyhdr Warning: \headheight is too small (28.45274pt): 
(fancyhdr)                Make it at least 39.59396pt, for example:
(fancyhdr)                \setlength{\headheight}{39.59396pt}.
(fancyhdr)                You might also make \topmargin smaller:
(fancyhdr)                \addtolength{\topmargin}{-11.14122pt}.

LaTeX Font Info:    Trying to load font information for T1+lmr on input line 165.
(c:/Users/ferna/AppData/Roaming/TinyTeX/texmf-dist/tex/latex/lm/t1lmr.fd
File: t1lmr.fd 2015/05/01 v1.6.1 Font defs for Latin Modern
) [1{c:/Users/ferna/AppData/Roaming/TinyTeX/texmf-var/fonts/map/pdftex/updmap/pdftex.map}{c:/Users/ferna/AppData/Roaming/TinyTeX/texmf-dist/fonts/enc/dvips/base/8r.enc}

{c:/Users/ferna/AppData/Roaming/TinyTeX/texmf-dist/fonts/enc/dvips/lm/lm-ec.enc} <./fig/Logo_Cesuma.png> <./fig/protocolo_investigacion.png>] (./Caso-Práctico-414-Informe-de-Investigación.toc
LaTeX Info: Redefining \. on input line 1.
LaTeX Info: Redefining \% on input line 1.
LaTeX Font Info:    Trying to load font information for OT1+lmr on input line 4.
(c:/Users/ferna/AppData/Roaming/TinyTeX/texmf-dist/tex/latex/lm/ot1lmr.fd
File: ot1lmr.fd 2015/05/01 v1.6.1 Font defs for Latin Modern
)
LaTeX Font Info:    Trying to load font information for OML+lmm on input line 4.
(c:/Users/ferna/AppData/Roaming/TinyTeX/texmf-dist/tex/latex/lm/omllmm.fd
File: omllmm.fd 2015/05/01 v1.6.1 Font defs for Latin Modern
)
LaTeX Font Info:    Trying to load font information for OMS+lmsy on input line 4.
(c:/Users/ferna/AppData/Roaming/TinyTeX/texmf-dist/tex/latex/lm/omslmsy.fd
File: omslmsy.fd 2015/05/01 v1.6.1 Font defs for Latin Modern
)
LaTeX Font Info:    Trying to load font information for OMX+lmex on input line 4.
(c:/Users/ferna/AppData/Roaming/TinyTeX/texmf-dist/tex/latex/lm/omxlmex.fd
File: omxlmex.fd 2015/05/01 v1.6.1 Font defs for Latin Modern
)
LaTeX Font Info:    External font `lmex10' loaded for size
(Font)              <10> on input line 4.
LaTeX Font Info:    External font `lmex10' loaded for size
(Font)              <7> on input line 4.
LaTeX Font Info:    External font `lmex10' loaded for size
(Font)              <5> on input line 4.
LaTeX Font Info:    Trying to load font information for U+msa on input line 4.
(c:/Users/ferna/AppData/Roaming/TinyTeX/texmf-dist/tex/latex/amsfonts/umsa.fd
File: umsa.fd 2013/01/14 v3.01 AMS symbols A
)
LaTeX Font Info:    Trying to load font information for U+msb on input line 4.
(c:/Users/ferna/AppData/Roaming/TinyTeX/texmf-dist/tex/latex/amsfonts/umsb.fd
File: umsb.fd 2013/01/14 v3.01 AMS symbols B
))
\tf@toc=\write4
\openout4 = `Caso-Práctico-414-Informe-de-Investigación.toc'.



File: fig/Logo_Cesuma.png Graphic file (type png)
<use fig/Logo_Cesuma.png>
Package pdftex.def Info: fig/Logo_Cesuma.png  used on input line 170.
(pdftex.def)             Requested size: 200.0pt x 35.99393pt.

Package fancyhdr Warning: \headheight is too small (28.45274pt): 
(fancyhdr)                Make it at least 39.59396pt, for example:
(fancyhdr)                \setlength{\headheight}{39.59396pt}.
(fancyhdr)                You might also make \topmargin smaller:
(fancyhdr)                \addtolength{\topmargin}{-11.14122pt}.

[2]
LaTeX Font Info:    Trying to load font information for TS1+phv on input line 180.
(c:/Users/ferna/AppData/Roaming/TinyTeX/texmf-dist/tex/latex/psnfss/ts1phv.fd
File: ts1phv.fd 2020/03/25 scalable font definitions for TS1/phv.
)

File: fig/Logo_Cesuma.png Graphic file (type png)
<use fig/Logo_Cesuma.png>
Package pdftex.def Info: fig/Logo_Cesuma.png  used on input line 236.
(pdftex.def)             Requested size: 200.0pt x 35.99393pt.

Package fancyhdr Warning: \headheight is too small (28.45274pt): 
(fancyhdr)                Make it at least 39.59396pt, for example:
(fancyhdr)                \setlength{\headheight}{39.59396pt}.
(fancyhdr)                You might also make \topmargin smaller:
(fancyhdr)                \addtolength{\topmargin}{-11.14122pt}.

[3]

File: fig/Logo_Cesuma.png Graphic file (type png)
<use fig/Logo_Cesuma.png>
Package pdftex.def Info: fig/Logo_Cesuma.png  used on input line 297.
(pdftex.def)             Requested size: 200.0pt x 35.99393pt.

Package fancyhdr Warning: \headheight is too small (28.45274pt): 
(fancyhdr)                Make it at least 39.59396pt, for example:
(fancyhdr)                \setlength{\headheight}{39.59396pt}.
(fancyhdr)                You might also make \topmargin smaller:
(fancyhdr)                \addtolength{\topmargin}{-11.14122pt}.

[4]

File: fig/Logo_Cesuma.png Graphic file (type png)
<use fig/Logo_Cesuma.png>
Package pdftex.def Info: fig/Logo_Cesuma.png  used on input line 344.
(pdftex.def)             Requested size: 200.0pt x 35.99393pt.

Package fancyhdr Warning: \headheight is too small (28.45274pt): 
(fancyhdr)                Make it at least 39.59396pt, for example:
(fancyhdr)                \setlength{\headheight}{39.59396pt}.
(fancyhdr)                You might also make \topmargin smaller:
(fancyhdr)                \addtolength{\topmargin}{-11.14122pt}.

[5]
<fig/dinamicos.png, id=83, 607.26875pt x 257.96375pt>
File: fig/dinamicos.png Graphic file (type png)
<use fig/dinamicos.png>
Package pdftex.def Info: fig/dinamicos.png  used on input line 393.
(pdftex.def)             Requested size: 451.68915pt x 191.87816pt.

Underfull \hbox (badness 10000) in paragraph at lines 393--395
[][]
 []



File: fig/Logo_Cesuma.png Graphic file (type png)
<use fig/Logo_Cesuma.png>
Package pdftex.def Info: fig/Logo_Cesuma.png  used on input line 396.
(pdftex.def)             Requested size: 200.0pt x 35.99393pt.

Package fancyhdr Warning: \headheight is too small (28.45274pt): 
(fancyhdr)                Make it at least 39.59396pt, for example:
(fancyhdr)                \setlength{\headheight}{39.59396pt}.
(fancyhdr)                You might also make \topmargin smaller:
(fancyhdr)                \addtolength{\topmargin}{-11.14122pt}.

[6]

File: fig/Logo_Cesuma.png Graphic file (type png)
<use fig/Logo_Cesuma.png>
Package pdftex.def Info: fig/Logo_Cesuma.png  used on input line 414.
(pdftex.def)             Requested size: 200.0pt x 35.99393pt.

Package fancyhdr Warning: \headheight is too small (28.45274pt): 
(fancyhdr)                Make it at least 39.59396pt, for example:
(fancyhdr)                \setlength{\headheight}{39.59396pt}.
(fancyhdr)                You might also make \topmargin smaller:
(fancyhdr)                \addtolength{\topmargin}{-11.14122pt}.

[7 <./fig/dinamicos.png>]
<fig/Cuantitativo.png, id=94, 455.45157pt x 180.675pt>
File: fig/Cuantitativo.png Graphic file (type png)
<use fig/Cuantitativo.png>
Package pdftex.def Info: fig/Cuantitativo.png  used on input line 448.
(pdftex.def)             Requested size: 455.45045pt x 180.67455pt.

Overfull \hbox (2.4822pt too wide) in paragraph at lines 448--450
[][]
 []



File: fig/Logo_Cesuma.png Graphic file (type png)
<use fig/Logo_Cesuma.png>
Package pdftex.def Info: fig/Logo_Cesuma.png  used on input line 467.
(pdftex.def)             Requested size: 200.0pt x 35.99393pt.

Package fancyhdr Warning: \headheight is too small (28.45274pt): 
(fancyhdr)                Make it at least 39.59396pt, for example:
(fancyhdr)                \setlength{\headheight}{39.59396pt}.
(fancyhdr)                You might also make \topmargin smaller:
(fancyhdr)                \addtolength{\topmargin}{-11.14122pt}.

[8 <./fig/Cuantitativo.png>]
<fig/analisis.png, id=101, 455.45157pt x 173.89969pt>
File: fig/analisis.png Graphic file (type png)
<use fig/analisis.png>
Package pdftex.def Info: fig/analisis.png  used on input line 479.
(pdftex.def)             Requested size: 455.45045pt x 173.89925pt.

Overfull \hbox (2.4822pt too wide) in paragraph at lines 479--481
[][]
 []



File: fig/Logo_Cesuma.png Graphic file (type png)
<use fig/Logo_Cesuma.png>
Package pdftex.def Info: fig/Logo_Cesuma.png  used on input line 506.
(pdftex.def)             Requested size: 200.0pt x 35.99393pt.

Package fancyhdr Warning: \headheight is too small (28.45274pt): 
(fancyhdr)                Make it at least 39.59396pt, for example:
(fancyhdr)                \setlength{\headheight}{39.59396pt}.
(fancyhdr)                You might also make \topmargin smaller:
(fancyhdr)                \addtolength{\topmargin}{-11.14122pt}.

[9 <./fig/analisis.png>]
<fig/Cualitativo.png, id=108, 455.45157pt x 173.89969pt>
File: fig/Cualitativo.png Graphic file (type png)
<use fig/Cualitativo.png>
Package pdftex.def Info: fig/Cualitativo.png  used on input line 540.
(pdftex.def)             Requested size: 455.45045pt x 173.89925pt.

Overfull \hbox (2.4822pt too wide) in paragraph at lines 540--542
[][]
 []

<fig/analisis_sentimientos.png, id=109, 607.26875pt x 257.96375pt>
File: fig/analisis_sentimientos.png Graphic file (type png)
<use fig/analisis_sentimientos.png>
Package pdftex.def Info: fig/analisis_sentimientos.png  used on input line 558.
(pdftex.def)             Requested size: 451.68915pt x 191.87816pt.

Underfull \hbox (badness 10000) in paragraph at lines 558--560
[][]
 []



File: fig/Logo_Cesuma.png Graphic file (type png)
<use fig/Logo_Cesuma.png>
Package pdftex.def Info: fig/Logo_Cesuma.png  used on input line 561.
(pdftex.def)             Requested size: 200.0pt x 35.99393pt.

Package fancyhdr Warning: \headheight is too small (28.45274pt): 
(fancyhdr)                Make it at least 39.59396pt, for example:
(fancyhdr)                \setlength{\headheight}{39.59396pt}.
(fancyhdr)                You might also make \topmargin smaller:
(fancyhdr)                \addtolength{\topmargin}{-11.14122pt}.

[10 <./fig/Cualitativo.png>]

File: fig/Logo_Cesuma.png Graphic file (type png)
<use fig/Logo_Cesuma.png>
Package pdftex.def Info: fig/Logo_Cesuma.png  used on input line 585.
(pdftex.def)             Requested size: 200.0pt x 35.99393pt.

Package fancyhdr Warning: \headheight is too small (28.45274pt): 
(fancyhdr)                Make it at least 39.59396pt, for example:
(fancyhdr)                \setlength{\headheight}{39.59396pt}.
(fancyhdr)                You might also make \topmargin smaller:
(fancyhdr)                \addtolength{\topmargin}{-11.14122pt}.

[11 <./fig/analisis_sentimientos.png>]
LaTeX Font Info:    Trying to load font information for T1+lmtt on input line 632.
(c:/Users/ferna/AppData/Roaming/TinyTeX/texmf-dist/tex/latex/lm/t1lmtt.fd
File: t1lmtt.fd 2015/05/01 v1.6.1 Font defs for Latin Modern
)

File: fig/Logo_Cesuma.png Graphic file (type png)
<use fig/Logo_Cesuma.png>
Package pdftex.def Info: fig/Logo_Cesuma.png  used on input line 658.
(pdftex.def)             Requested size: 200.0pt x 35.99393pt.

Package fancyhdr Warning: \headheight is too small (28.45274pt): 
(fancyhdr)                Make it at least 39.59396pt, for example:
(fancyhdr)                \setlength{\headheight}{39.59396pt}.
(fancyhdr)                You might also make \topmargin smaller:
(fancyhdr)                \addtolength{\topmargin}{-11.14122pt}.

[12]
<Caso-Práctico-414-Informe-de-Investigación_files/figure-latex/grafico-1.pdf, id=129, 469.755pt x 325.215pt>
File: Caso-Práctico-414-Informe-de-Investigación_files/figure-latex/grafico-1.pdf Graphic file (type pdf)
<use Caso-Práctico-414-Informe-de-Investigación_files/figure-latex/grafico-1.pdf>
Package pdftex.def Info: Caso-Práctico-414-Informe-de-Investigación_files/figure-latex/grafico-1.pdf  used on input line 659.
(pdftex.def)             Requested size: 469.75386pt x 325.2142pt.
Package hyperref Info: bookmark level for unknown gráfica defaults to 0 on input line 662.

LaTeX Warning: `!h' float specifier changed to `!ht'.



File: fig/Logo_Cesuma.png Graphic file (type png)
<use fig/Logo_Cesuma.png>
Package pdftex.def Info: fig/Logo_Cesuma.png  used on input line 701.
(pdftex.def)             Requested size: 200.0pt x 35.99393pt.

Package fancyhdr Warning: \headheight is too small (28.45274pt): 
(fancyhdr)                Make it at least 39.59396pt, for example:
(fancyhdr)                \setlength{\headheight}{39.59396pt}.
(fancyhdr)                You might also make \topmargin smaller:
(fancyhdr)                \addtolength{\topmargin}{-11.14122pt}.

[13 <./Caso-Práctico-414-Informe-de-Investigación_files/figure-latex/grafico-1.pdf>]

File: fig/Logo_Cesuma.png Graphic file (type png)
<use fig/Logo_Cesuma.png>
Package pdftex.def Info: fig/Logo_Cesuma.png  used on input line 743.
(pdftex.def)             Requested size: 200.0pt x 35.99393pt.

Package fancyhdr Warning: \headheight is too small (28.45274pt): 
(fancyhdr)                Make it at least 39.59396pt, for example:
(fancyhdr)                \setlength{\headheight}{39.59396pt}.
(fancyhdr)                You might also make \topmargin smaller:
(fancyhdr)                \addtolength{\topmargin}{-11.14122pt}.

[14]
<Caso-Práctico-414-Informe-de-Investigación_files/figure-latex/unnamed-chunk-18-1.pdf, id=148, 469.755pt x 325.215pt>
File: Caso-Práctico-414-Informe-de-Investigación_files/figure-latex/unnamed-chunk-18-1.pdf Graphic file (type pdf)
<use Caso-Práctico-414-Informe-de-Investigación_files/figure-latex/unnamed-chunk-18-1.pdf>
Package pdftex.def Info: Caso-Práctico-414-Informe-de-Investigación_files/figure-latex/unnamed-chunk-18-1.pdf  used on input line 744.
(pdftex.def)             Requested size: 469.75386pt x 325.2142pt.

LaTeX Warning: `!h' float specifier changed to `!ht'.



File: fig/Logo_Cesuma.png Graphic file (type png)
<use fig/Logo_Cesuma.png>
Package pdftex.def Info: fig/Logo_Cesuma.png  used on input line 797.
(pdftex.def)             Requested size: 200.0pt x 35.99393pt.

Package fancyhdr Warning: \headheight is too small (28.45274pt): 
(fancyhdr)                Make it at least 39.59396pt, for example:
(fancyhdr)                \setlength{\headheight}{39.59396pt}.
(fancyhdr)                You might also make \topmargin smaller:
(fancyhdr)                \addtolength{\topmargin}{-11.14122pt}.

[15 <./Caso-Práctico-414-Informe-de-Investigación_files/figure-latex/unnamed-chunk-18-1.pdf>]

File: fig/Logo_Cesuma.png Graphic file (type png)
<use fig/Logo_Cesuma.png>
Package pdftex.def Info: fig/Logo_Cesuma.png  used on input line 836.
(pdftex.def)             Requested size: 200.0pt x 35.99393pt.

Package fancyhdr Warning: \headheight is too small (28.45274pt): 
(fancyhdr)                Make it at least 39.59396pt, for example:
(fancyhdr)                \setlength{\headheight}{39.59396pt}.
(fancyhdr)                You might also make \topmargin smaller:
(fancyhdr)                \addtolength{\topmargin}{-11.14122pt}.

[16]

File: fig/Logo_Cesuma.png Graphic file (type png)
<use fig/Logo_Cesuma.png>
Package pdftex.def Info: fig/Logo_Cesuma.png  used on input line 869.
(pdftex.def)             Requested size: 200.0pt x 35.99393pt.

Package fancyhdr Warning: \headheight is too small (28.45274pt): 
(fancyhdr)                Make it at least 39.59396pt, for example:
(fancyhdr)                \setlength{\headheight}{39.59396pt}.
(fancyhdr)                You might also make \topmargin smaller:
(fancyhdr)                \addtolength{\topmargin}{-11.14122pt}.

[17]

LaTeX Warning: `!h' float specifier changed to `!ht'.



File: fig/Logo_Cesuma.png Graphic file (type png)
<use fig/Logo_Cesuma.png>
Package pdftex.def Info: fig/Logo_Cesuma.png  used on input line 996.
(pdftex.def)             Requested size: 200.0pt x 35.99393pt.

Package fancyhdr Warning: \headheight is too small (28.45274pt): 
(fancyhdr)                Make it at least 39.59396pt, for example:
(fancyhdr)                \setlength{\headheight}{39.59396pt}.
(fancyhdr)                You might also make \topmargin smaller:
(fancyhdr)                \addtolength{\topmargin}{-11.14122pt}.

[18]

LaTeX Warning: `!h' float specifier changed to `!ht'.



File: fig/Logo_Cesuma.png Graphic file (type png)
<use fig/Logo_Cesuma.png>
Package pdftex.def Info: fig/Logo_Cesuma.png  used on input line 1032.
(pdftex.def)             Requested size: 200.0pt x 35.99393pt.

Package fancyhdr Warning: \headheight is too small (28.45274pt): 
(fancyhdr)                Make it at least 39.59396pt, for example:
(fancyhdr)                \setlength{\headheight}{39.59396pt}.
(fancyhdr)                You might also make \topmargin smaller:
(fancyhdr)                \addtolength{\topmargin}{-11.14122pt}.

[19]

File: fig/Logo_Cesuma.png Graphic file (type png)
<use fig/Logo_Cesuma.png>
Package pdftex.def Info: fig/Logo_Cesuma.png  used on input line 1054.
(pdftex.def)             Requested size: 200.0pt x 35.99393pt.

Package fancyhdr Warning: \headheight is too small (28.45274pt): 
(fancyhdr)                Make it at least 39.59396pt, for example:
(fancyhdr)                \setlength{\headheight}{39.59396pt}.
(fancyhdr)                You might also make \topmargin smaller:
(fancyhdr)                \addtolength{\topmargin}{-11.14122pt}.

[20]
LaTeX Font Info:    Font shape `T1/phv/m/it' in size <10> not available
(Font)              Font shape `T1/phv/m/sl' tried instead on input line 1080.


File: fig/Logo_Cesuma.png Graphic file (type png)
<use fig/Logo_Cesuma.png>
Package pdftex.def Info: fig/Logo_Cesuma.png  used on input line 1110.
(pdftex.def)             Requested size: 200.0pt x 35.99393pt.

Package fancyhdr Warning: \headheight is too small (28.45274pt): 
(fancyhdr)                Make it at least 39.59396pt, for example:
(fancyhdr)                \setlength{\headheight}{39.59396pt}.
(fancyhdr)                You might also make \topmargin smaller:
(fancyhdr)                \addtolength{\topmargin}{-11.14122pt}.

[21]

LaTeX Warning: `!h' float specifier changed to `!ht'.



File: fig/Logo_Cesuma.png Graphic file (type png)
<use fig/Logo_Cesuma.png>
Package pdftex.def Info: fig/Logo_Cesuma.png  used on input line 1210.
(pdftex.def)             Requested size: 200.0pt x 35.99393pt.

Package fancyhdr Warning: \headheight is too small (28.45274pt): 
(fancyhdr)                Make it at least 39.59396pt, for example:
(fancyhdr)                \setlength{\headheight}{39.59396pt}.
(fancyhdr)                You might also make \topmargin smaller:
(fancyhdr)                \addtolength{\topmargin}{-11.14122pt}.

[22]

File: fig/Logo_Cesuma.png Graphic file (type png)
<use fig/Logo_Cesuma.png>
Package pdftex.def Info: fig/Logo_Cesuma.png  used on input line 1239.
(pdftex.def)             Requested size: 200.0pt x 35.99393pt.

Package fancyhdr Warning: \headheight is too small (28.45274pt): 
(fancyhdr)                Make it at least 39.59396pt, for example:
(fancyhdr)                \setlength{\headheight}{39.59396pt}.
(fancyhdr)                You might also make \topmargin smaller:
(fancyhdr)                \addtolength{\topmargin}{-11.14122pt}.

[23]

File: fig/Logo_Cesuma.png Graphic file (type png)
<use fig/Logo_Cesuma.png>
Package pdftex.def Info: fig/Logo_Cesuma.png  used on input line 1296.
(pdftex.def)             Requested size: 200.0pt x 35.99393pt.

Package fancyhdr Warning: \headheight is too small (28.45274pt): 
(fancyhdr)                Make it at least 39.59396pt, for example:
(fancyhdr)                \setlength{\headheight}{39.59396pt}.
(fancyhdr)                You might also make \topmargin smaller:
(fancyhdr)                \addtolength{\topmargin}{-11.14122pt}.

[24]

LaTeX Warning: Reference `tab:codificacion_PCC' on page 25 undefined on input line 1346.


Overfull \vbox (12.0pt too high) detected at line 1387
 []



File: fig/Logo_Cesuma.png Graphic file (type png)
<use fig/Logo_Cesuma.png>
Package pdftex.def Info: fig/Logo_Cesuma.png  used on input line 1390.
(pdftex.def)             Requested size: 200.0pt x 35.99393pt.

Package fancyhdr Warning: \headheight is too small (28.45274pt): 
(fancyhdr)                Make it at least 39.59396pt, for example:
(fancyhdr)                \setlength{\headheight}{39.59396pt}.
(fancyhdr)                You might also make \topmargin smaller:
(fancyhdr)                \addtolength{\topmargin}{-11.14122pt}.

[25]

File: fig/Logo_Cesuma.png Graphic file (type png)
<use fig/Logo_Cesuma.png>
Package pdftex.def Info: fig/Logo_Cesuma.png  used on input line 1427.
(pdftex.def)             Requested size: 200.0pt x 35.99393pt.

Package fancyhdr Warning: \headheight is too small (28.45274pt): 
(fancyhdr)                Make it at least 39.59396pt, for example:
(fancyhdr)                \setlength{\headheight}{39.59396pt}.
(fancyhdr)                You might also make \topmargin smaller:
(fancyhdr)                \addtolength{\topmargin}{-11.14122pt}.

[26]

File: fig/Logo_Cesuma.png Graphic file (type png)
<use fig/Logo_Cesuma.png>
Package pdftex.def Info: fig/Logo_Cesuma.png  used on input line 1481.
(pdftex.def)             Requested size: 200.0pt x 35.99393pt.

Package fancyhdr Warning: \headheight is too small (28.45274pt): 
(fancyhdr)                Make it at least 39.59396pt, for example:
(fancyhdr)                \setlength{\headheight}{39.59396pt}.
(fancyhdr)                You might also make \topmargin smaller:
(fancyhdr)                \addtolength{\topmargin}{-11.14122pt}.

[27]

LaTeX Warning: Reference `tab:codificacion_PCC' on page 28 undefined on input line 1514.


LaTeX Warning: `!h' float specifier changed to `!ht'.



File: fig/Logo_Cesuma.png Graphic file (type png)
<use fig/Logo_Cesuma.png>
Package pdftex.def Info: fig/Logo_Cesuma.png  used on input line 1586.
(pdftex.def)             Requested size: 200.0pt x 35.99393pt.

Package fancyhdr Warning: \headheight is too small (28.45274pt): 
(fancyhdr)                Make it at least 39.59396pt, for example:
(fancyhdr)                \setlength{\headheight}{39.59396pt}.
(fancyhdr)                You might also make \topmargin smaller:
(fancyhdr)                \addtolength{\topmargin}{-11.14122pt}.

[28]

File: fig/Logo_Cesuma.png Graphic file (type png)
<use fig/Logo_Cesuma.png>
Package pdftex.def Info: fig/Logo_Cesuma.png  used on input line 1612.
(pdftex.def)             Requested size: 200.0pt x 35.99393pt.

Package fancyhdr Warning: \headheight is too small (28.45274pt): 
(fancyhdr)                Make it at least 39.59396pt, for example:
(fancyhdr)                \setlength{\headheight}{39.59396pt}.
(fancyhdr)                You might also make \topmargin smaller:
(fancyhdr)                \addtolength{\topmargin}{-11.14122pt}.

[29]

File: fig/Logo_Cesuma.png Graphic file (type png)
<use fig/Logo_Cesuma.png>
Package pdftex.def Info: fig/Logo_Cesuma.png  used on input line 1673.
(pdftex.def)             Requested size: 200.0pt x 35.99393pt.

Package fancyhdr Warning: \headheight is too small (28.45274pt): 
(fancyhdr)                Make it at least 39.59396pt, for example:
(fancyhdr)                \setlength{\headheight}{39.59396pt}.
(fancyhdr)                You might also make \topmargin smaller:
(fancyhdr)                \addtolength{\topmargin}{-11.14122pt}.

[30]

File: fig/Logo_Cesuma.png Graphic file (type png)
<use fig/Logo_Cesuma.png>
Package pdftex.def Info: fig/Logo_Cesuma.png  used on input line 1674.
(pdftex.def)             Requested size: 200.0pt x 35.99393pt.

Package fancyhdr Warning: \headheight is too small (28.45274pt): 
(fancyhdr)                Make it at least 39.59396pt, for example:
(fancyhdr)                \setlength{\headheight}{39.59396pt}.
(fancyhdr)                You might also make \topmargin smaller:
(fancyhdr)                \addtolength{\topmargin}{-11.14122pt}.

[31]

File: fig/Logo_Cesuma.png Graphic file (type png)
<use fig/Logo_Cesuma.png>
Package pdftex.def Info: fig/Logo_Cesuma.png  used on input line 1742.
(pdftex.def)             Requested size: 200.0pt x 35.99393pt.

Package fancyhdr Warning: \headheight is too small (28.45274pt): 
(fancyhdr)                Make it at least 39.59396pt, for example:
(fancyhdr)                \setlength{\headheight}{39.59396pt}.
(fancyhdr)                You might also make \topmargin smaller:
(fancyhdr)                \addtolength{\topmargin}{-11.14122pt}.

[32]

File: fig/Logo_Cesuma.png Graphic file (type png)
<use fig/Logo_Cesuma.png>
Package pdftex.def Info: fig/Logo_Cesuma.png  used on input line 1777.
(pdftex.def)             Requested size: 200.0pt x 35.99393pt.

Package fancyhdr Warning: \headheight is too small (28.45274pt): 
(fancyhdr)                Make it at least 39.59396pt, for example:
(fancyhdr)                \setlength{\headheight}{39.59396pt}.
(fancyhdr)                You might also make \topmargin smaller:
(fancyhdr)                \addtolength{\topmargin}{-11.14122pt}.

[33]

File: fig/Logo_Cesuma.png Graphic file (type png)
<use fig/Logo_Cesuma.png>
Package pdftex.def Info: fig/Logo_Cesuma.png  used on input line 1845.
(pdftex.def)             Requested size: 200.0pt x 35.99393pt.

Package fancyhdr Warning: \headheight is too small (28.45274pt): 
(fancyhdr)                Make it at least 39.59396pt, for example:
(fancyhdr)                \setlength{\headheight}{39.59396pt}.
(fancyhdr)                You might also make \topmargin smaller:
(fancyhdr)                \addtolength{\topmargin}{-11.14122pt}.

[34]

File: fig/Logo_Cesuma.png Graphic file (type png)
<use fig/Logo_Cesuma.png>
Package pdftex.def Info: fig/Logo_Cesuma.png  used on input line 1881.
(pdftex.def)             Requested size: 200.0pt x 35.99393pt.

Package fancyhdr Warning: \headheight is too small (28.45274pt): 
(fancyhdr)                Make it at least 39.59396pt, for example:
(fancyhdr)                \setlength{\headheight}{39.59396pt}.
(fancyhdr)                You might also make \topmargin smaller:
(fancyhdr)                \addtolength{\topmargin}{-11.14122pt}.

[35]

File: fig/Logo_Cesuma.png Graphic file (type png)
<use fig/Logo_Cesuma.png>
Package pdftex.def Info: fig/Logo_Cesuma.png  used on input line 1941.
(pdftex.def)             Requested size: 200.0pt x 35.99393pt.

Package fancyhdr Warning: \headheight is too small (28.45274pt): 
(fancyhdr)                Make it at least 39.59396pt, for example:
(fancyhdr)                \setlength{\headheight}{39.59396pt}.
(fancyhdr)                You might also make \topmargin smaller:
(fancyhdr)                \addtolength{\topmargin}{-11.14122pt}.

[36]

File: fig/Logo_Cesuma.png Graphic file (type png)
<use fig/Logo_Cesuma.png>
Package pdftex.def Info: fig/Logo_Cesuma.png  used on input line 1956.
(pdftex.def)             Requested size: 200.0pt x 35.99393pt.

Package fancyhdr Warning: \headheight is too small (28.45274pt): 
(fancyhdr)                Make it at least 39.59396pt, for example:
(fancyhdr)                \setlength{\headheight}{39.59396pt}.
(fancyhdr)                You might also make \topmargin smaller:
(fancyhdr)                \addtolength{\topmargin}{-11.14122pt}.

[37]

File: fig/Logo_Cesuma.png Graphic file (type png)
<use fig/Logo_Cesuma.png>
Package pdftex.def Info: fig/Logo_Cesuma.png  used on input line 2061.
(pdftex.def)             Requested size: 200.0pt x 35.99393pt.

Package fancyhdr Warning: \headheight is too small (28.45274pt): 
(fancyhdr)                Make it at least 39.59396pt, for example:
(fancyhdr)                \setlength{\headheight}{39.59396pt}.
(fancyhdr)                You might also make \topmargin smaller:
(fancyhdr)                \addtolength{\topmargin}{-11.14122pt}.

[38]
Underfull \hbox (badness 2134) in paragraph at lines 2132--2134
[]\T1/phv/m/n/10 Su�rez Gar-c�a, E. (2024). \T1/phv/m/sl/10 La apli-ca-ci�n de MA-CHI-NE LEAR-NING en los de-ta-llis-tas on-li-ne
 []



File: fig/Logo_Cesuma.png Graphic file (type png)
<use fig/Logo_Cesuma.png>
Package pdftex.def Info: fig/Logo_Cesuma.png  used on input line 2142.
(pdftex.def)             Requested size: 200.0pt x 35.99393pt.

Package fancyhdr Warning: \headheight is too small (28.45274pt): 
(fancyhdr)                Make it at least 39.59396pt, for example:
(fancyhdr)                \setlength{\headheight}{39.59396pt}.
(fancyhdr)                You might also make \topmargin smaller:
(fancyhdr)                \addtolength{\topmargin}{-11.14122pt}.

[39] (./Caso-Práctico-414-Informe-de-Investigación.aux
LaTeX Info: Redefining \. on input line 12.
LaTeX Info: Redefining \% on input line 12.
)
 ***********
LaTeX2e <2025-06-01> patch level 1
L3 programming layer <2025-06-09>
 ***********

LaTeX Warning: There were undefined references.


LaTeX Warning: There were multiply-defined labels.

 ) 
Here is how much of TeX's memory you used:
 25189 strings out of 469851
 464491 string characters out of 5481837
 861760 words of memory out of 5000000
 52904 multiletter control sequences out of 15000+600000
 661139 words of font info for 73 fonts, out of 8000000 for 9000
 14 hyphenation exceptions out of 8191
 89i,16n,93p,813b,647s stack positions out of 10000i,1000n,20000p,200000b,200000s
<c:/Users/ferna/AppData/Roaming/TinyTeX/texmf-dist/fonts/type1/public/lm/lmr10.pfb><c:/Users/ferna/AppData/Roaming/TinyTeX/texmf-dist/fonts/type1/public/lm/lmtt10.pfb><c:/Users/ferna/AppData/Roaming/TinyTeX/texmf-dist/fonts/type1/urw/helvetic/uhvb8a.pfb><c:/Users/ferna/AppData/Roaming/TinyTeX/texmf-dist/fonts/type1/urw/helvetic/uhvr8a.pfb><c:/Users/ferna/AppData/Roaming/TinyTeX/texmf-dist/fonts/type1/urw/helvetic/uhvro8a.pfb>
Output written on Caso-Práctico-414-Informe-de-Investigación.pdf (39 pages, 2062883 bytes).
PDF statistics:
 447 PDF objects out of 1000 (max. 8388607)
 376 compressed objects within 4 object streams
 123 named destinations out of 1000 (max. 500000)
 242 words of extra memory for PDF output out of 10000 (max. 10000000)

